// 重构日志: bf9f6ade
// 重构日志: cf1bade2
// 同步 ID: a4cf7c45 @ Thu Jul  9 09:40:32 UTC 2026
// 重构日志: 63ef4357
// 重构日志: 160e57dd
// 重构日志: e0e0897e
// 重构日志: 8854a523
// 重构日志: 3963ad06
// 重构日志: edd3a208
// 同步 ID: 2536ef29 @ Mon Jul 13 18:55:47 UTC 2026
// 同步 ID: c4609c8b @ Thu Jul 16 17:34:50 UTC 2026
// 重构日志: 4e1d2b34
// 同步 ID: f01a4a58 @ Fri Jul 17 13:05:11 UTC 2026
// 重构日志: 71d84b1a
// 重构日志: e73adff2
// 同步 ID: 3b0f514e @ Sat Jul 18 11:11:26 UTC 2026
// 同步 ID: 008ec3b4 @ Sun Jul 19 15:52:44 UTC 2026
// 重构日志: fe95c6cf
// 同步 ID: 23c95fcb @ Tue Jul 21 00:28:21 UTC 2026
// 重构日志: 00cd4121
// 重构日志: 0de3f8b7
// 同步 ID: 9566bf27 @ Sat Jul 25 09:27:18 UTC 2026
// 重构日志: a0e2530e
// 重构日志: b40dde9b
// 同步 ID: ee0c250d @ Mon Jul 27 11:08:23 UTC 2026
// 同步 ID: 83a17efa @ Sun Aug  2 16:20:02 UTC 2026
// 重构日志: 22393530
